**** ADVANCED HA -- Install Notes ***

(1) create repo list
      cat << EOF > /etc/yum.repos.d/open.repo
      [rhel-7-server-rpms]
      name=Red Hat Enterprise Linux 7
      baseurl=http://oselab.example.com/repos/3.3/rhel-7-server-rpms http://www.opentlc.com/repos/ose/3.3/rhel-7-server-rpms
      enabled=1
      gpgcheck=0

      [rhel-7-server-rh-common-rpms]
      name=Red Hat Enterprise Linux 7 Common
      baseurl=http://oselab.example.com/repos/3.3/rhel-7-server-rh-common-rpms http://www.opentlc.com/repos/ose//3.3/rhel-7-server-rh-common-rpms
      enabled=1
      gpgcheck=0

      [rhel-7-server-extras-rpms]
      name=Red Hat Enterprise Linux 7 Extras
      baseurl=http://oselab.example.com/repos/3.3/rhel-7-server-extras-rpms http://www.opentlc.com/repos/ose//3.3/rhel-7-server-extras-rpms
      enabled=1
      gpgcheck=0

      [rhel-7-server-optional-rpms]
      name=Red Hat Enterprise Linux 7 Optional
      baseurl=http://oselab.example.com/repos/3.3/rhel-7-server-optional-rpms http://www.opentlc.com/repos/ose//3.3/rhel-7-server-optional-rpms
      enabled=1
      gpgcheck=0

      [rhel-7-server-ose-3.3-rpms]
      name=Red Hat Enterprise Linux 7 OSE 3.3
      baseurl=http://oselab.example.com/repos/3.3/rhel-7-server-ose-3.3-rpms http://www.opentlc.com/repos/ose//3.3/rhel-7-server-ose-3.3-rpms
      enabled=1
      gpgcheck=0

      EOF

(2) distribute above

(3) grab CA cert
You can get the ipa-ca.crt file from our provided ipa server (idm.example.com) using the following command:
      wget http://idm.example.com/ipa/config/ca.crt -O /etc/origin/master/ipa-ca.crt

(4)
